On branch 1.5
Changes to be committed:
  (use "git reset HEAD <file>..." to unstage)

	renamed:    jksoa-client/src/main/kotlin/com/jksoa/client/IConnection.kt -> jksoa-client/src/main/kotlin/net/jkcode/jksoa/client/IConnection.kt
	renamed:    jksoa-client/src/main/kotlin/com/jksoa/client/IReferer.kt -> jksoa-client/src/main/kotlin/net/jkcode/jksoa/client/IReferer.kt
	renamed:    jksoa-client/src/main/kotlin/com/jksoa/client/IRpcClient.kt -> jksoa-client/src/main/kotlin/net/jkcode/jksoa/client/IRpcClient.kt
	renamed:    jksoa-client/src/main/kotlin/com/jksoa/client/connection/BaseConnection.kt -> jksoa-client/src/main/kotlin/net/jkcode/jksoa/client/connection/BaseConnection.kt
	renamed:    jksoa-client/src/main/kotlin/com/jksoa/client/connection/ConnectionHub.kt -> jksoa-client/src/main/kotlin/net/jkcode/jksoa/client/connection/ConnectionHub.kt
	renamed:    jksoa-client/src/main/kotlin/com/jksoa/client/connection/IConnectionHub.kt -> jksoa-client/src/main/kotlin/net/jkcode/jksoa/client/connection/IConnectionHub.kt
	renamed:    jksoa-client/src/main/kotlin/com/jksoa/client/connection/LocalConnection.kt -> jksoa-client/src/main/kotlin/net/jkcode/jksoa/client/connection/LocalConnection.kt
	renamed:    jksoa-client/src/main/kotlin/com/jksoa/client/connection/ReconnectableConnection.kt -> jksoa-client/src/main/kotlin/net/jkcode/jksoa/client/connection/ReconnectableConnection.kt
	renamed:    jksoa-client/src/main/kotlin/com/jksoa/client/connection/ReusableConnection.kt -> jksoa-client/src/main/kotlin/net/jkcode/jksoa/client/connection/ReusableConnection.kt
	renamed:    jksoa-client/src/main/kotlin/com/jksoa/client/dispatcher/IRpcRequestDispatcher.kt -> jksoa-client/src/main/kotlin/net/jkcode/jksoa/client/dispatcher/IRpcRequestDispatcher.kt
	renamed:    jksoa-client/src/main/kotlin/com/jksoa/client/dispatcher/RcpRequestDispatcher.kt -> jksoa-client/src/main/kotlin/net/jkcode/jksoa/client/dispatcher/RcpRequestDispatcher.kt
	renamed:    jksoa-client/src/main/kotlin/com/jksoa/client/protocol/netty/NettyClient.kt -> jksoa-client/src/main/kotlin/net/jkcode/jksoa/client/protocol/netty/NettyClient.kt
	renamed:    jksoa-client/src/main/kotlin/com/jksoa/client/protocol/netty/NettyConnection.kt -> jksoa-client/src/main/kotlin/net/jkcode/jksoa/client/protocol/netty/NettyConnection.kt
	renamed:    jksoa-client/src/main/kotlin/com/jksoa/client/protocol/netty/NettyResponseHandler.kt -> jksoa-client/src/main/kotlin/net/jkcode/jksoa/client/protocol/netty/NettyResponseHandler.kt
	renamed:    jksoa-client/src/main/kotlin/com/jksoa/client/protocol/netty/NettyRpcResponseFuture.kt -> jksoa-client/src/main/kotlin/net/jkcode/jksoa/client/protocol/netty/NettyRpcResponseFuture.kt
	renamed:    jksoa-client/src/main/kotlin/com/jksoa/client/protocol/netty/codec/NettyMessageDecoder.kt -> jksoa-client/src/main/kotlin/net/jkcode/jksoa/client/protocol/netty/codec/NettyMessageDecoder.kt
	renamed:    jksoa-client/src/main/kotlin/com/jksoa/client/protocol/netty/codec/NettyMessageEncoder.kt -> jksoa-client/src/main/kotlin/net/jkcode/jksoa/client/protocol/netty/codec/NettyMessageEncoder.kt
	renamed:    jksoa-client/src/main/kotlin/com/jksoa/client/protocol/rmi/RmiClient.kt -> jksoa-client/src/main/kotlin/net/jkcode/jksoa/client/protocol/rmi/RmiClient.kt
	renamed:    jksoa-client/src/main/kotlin/com/jksoa/client/protocol/rmi/RmiConnection.kt -> jksoa-client/src/main/kotlin/net/jkcode/jksoa/client/protocol/rmi/RmiConnection.kt
	renamed:    jksoa-client/src/main/kotlin/com/jksoa/client/referer/Referer.kt -> jksoa-client/src/main/kotlin/net/jkcode/jksoa/client/referer/Referer.kt
	renamed:    jksoa-client/src/main/kotlin/com/jksoa/client/referer/RefererLoader.kt -> jksoa-client/src/main/kotlin/net/jkcode/jksoa/client/referer/RefererLoader.kt
	renamed:    jksoa-client/src/main/kotlin/com/jksoa/client/referer/RpcInvocationHandler.kt -> jksoa-client/src/main/kotlin/net/jkcode/jksoa/client/referer/RpcInvocationHandler.kt
	renamed:    jksoa-client/src/main/kotlin/com/jksoa/loadbalance/ILoadBalanceStrategy.kt -> jksoa-client/src/main/kotlin/net/jkcode/jksoa/loadbalance/ILoadBalanceStrategy.kt
	renamed:    jksoa-client/src/main/kotlin/com/jksoa/loadbalance/RandomLoadBalanceStrategy.kt -> jksoa-client/src/main/kotlin/net/jkcode/jksoa/loadbalance/RandomLoadBalanceStrategy.kt
	renamed:    jksoa-client/src/main/kotlin/com/jksoa/sharding/AverageShardingStrategy.kt -> jksoa-client/src/main/kotlin/net/jkcode/jksoa/sharding/AverageShardingStrategy.kt
	renamed:    jksoa-client/src/main/kotlin/com/jksoa/sharding/IShardingStrategy.kt -> jksoa-client/src/main/kotlin/net/jkcode/jksoa/sharding/IShardingStrategy.kt
	renamed:    jksoa-client/src/test/kotlin/com/jksoa/tests/ClientTests.kt -> jksoa-client/src/test/kotlin/net/jkcode/jksoa/tests/ClientTests.kt
	renamed:    jksoa-common/src/main/kotlin/com/jksoa/common/IRpcRequest.kt -> jksoa-common/src/main/kotlin/net/jkcode/jksoa/common/IRpcRequest.kt
	renamed:    jksoa-common/src/main/kotlin/com/jksoa/common/IRpcRequestMeta.kt -> jksoa-common/src/main/kotlin/net/jkcode/jksoa/common/IRpcRequestMeta.kt
	renamed:    jksoa-common/src/main/kotlin/com/jksoa/common/IRpcResponse.kt -> jksoa-common/src/main/kotlin/net/jkcode/jksoa/common/IRpcResponse.kt
	renamed:    jksoa-common/src/main/kotlin/com/jksoa/common/IService.kt -> jksoa-common/src/main/kotlin/net/jkcode/jksoa/common/IService.kt
	renamed:    jksoa-common/src/main/kotlin/com/jksoa/common/IShardingRpcRequest.kt -> jksoa-common/src/main/kotlin/net/jkcode/jksoa/common/IShardingRpcRequest.kt
	renamed:    jksoa-common/src/main/kotlin/com/jksoa/common/IUrl.kt -> jksoa-common/src/main/kotlin/net/jkcode/jksoa/common/IUrl.kt
	renamed:    jksoa-common/src/main/kotlin/com/jksoa/common/RpcRequest.kt -> jksoa-common/src/main/kotlin/net/jkcode/jksoa/common/RpcRequest.kt
	renamed:    jksoa-common/src/main/kotlin/com/jksoa/common/RpcResponse.kt -> jksoa-common/src/main/kotlin/net/jkcode/jksoa/common/RpcResponse.kt
	renamed:    jksoa-common/src/main/kotlin/com/jksoa/common/ShardingRpcRequest.kt -> jksoa-common/src/main/kotlin/net/jkcode/jksoa/common/ShardingRpcRequest.kt
	renamed:    jksoa-common/src/main/kotlin/com/jksoa/common/Url.kt -> jksoa-common/src/main/kotlin/net/jkcode/jksoa/common/Url.kt
	renamed:    jksoa-common/src/main/kotlin/com/jksoa/common/_Logger.kt -> jksoa-common/src/main/kotlin/net/jkcode/jksoa/common/_Logger.kt
	renamed:    jksoa-common/src/main/kotlin/com/jksoa/common/_Reflect.kt -> jksoa-common/src/main/kotlin/net/jkcode/jksoa/common/_Reflect.kt
	renamed:    jksoa-common/src/main/kotlin/com/jksoa/common/_Timer.kt -> jksoa-common/src/main/kotlin/net/jkcode/jksoa/common/_Timer.kt
	renamed:    jksoa-common/src/main/kotlin/com/jksoa/common/annotation/ServiceMeta.kt -> jksoa-common/src/main/kotlin/net/jkcode/jksoa/common/annotation/ServiceMeta.kt
	renamed:    jksoa-common/src/main/kotlin/com/jksoa/common/annotation/ServiceMethodMeta.kt -> jksoa-common/src/main/kotlin/net/jkcode/jksoa/common/annotation/ServiceMethodMeta.kt
	renamed:    jksoa-common/src/main/kotlin/com/jksoa/common/exception/RpcBusinessException.kt -> jksoa-common/src/main/kotlin/net/jkcode/jksoa/common/exception/RpcBusinessException.kt
	renamed:    jksoa-common/src/main/kotlin/com/jksoa/common/exception/RpcClientException.kt -> jksoa-common/src/main/kotlin/net/jkcode/jksoa/common/exception/RpcClientException.kt
	renamed:    jksoa-common/src/main/kotlin/com/jksoa/common/exception/RpcServerException.kt -> jksoa-common/src/main/kotlin/net/jkcode/jksoa/common/exception/RpcServerException.kt
	renamed:    jksoa-common/src/main/kotlin/com/jksoa/common/future/CompletedRpcResponseFuture.kt -> jksoa-common/src/main/kotlin/net/jkcode/jksoa/common/future/CompletedRpcResponseFuture.kt
	renamed:    jksoa-common/src/main/kotlin/com/jksoa/common/future/FailoveRpcResponseFuture.kt -> jksoa-common/src/main/kotlin/net/jkcode/jksoa/common/future/FailoveRpcResponseFuture.kt
	renamed:    jksoa-common/src/main/kotlin/com/jksoa/common/future/IRpcResponseFuture.kt -> jksoa-common/src/main/kotlin/net/jkcode/jksoa/common/future/IRpcResponseFuture.kt
	renamed:    jksoa-common/src/main/kotlin/com/jksoa/common/future/RpcResponseFuture.kt -> jksoa-common/src/main/kotlin/net/jkcode/jksoa/common/future/RpcResponseFuture.kt
	renamed:    jksoa-common/src/main/kotlin/com/jksoa/common/invocation/IInvocation.kt -> jksoa-common/src/main/kotlin/net/jkcode/jksoa/common/invocation/IInvocation.kt
	renamed:    jksoa-common/src/main/kotlin/com/jksoa/common/invocation/IInvocationMethod.kt -> jksoa-common/src/main/kotlin/net/jkcode/jksoa/common/invocation/IInvocationMethod.kt
	renamed:    jksoa-common/src/main/kotlin/com/jksoa/common/invocation/IInvocationResult.kt -> jksoa-common/src/main/kotlin/net/jkcode/jksoa/common/invocation/IInvocationResult.kt
	renamed:    jksoa-common/src/main/kotlin/com/jksoa/common/invocation/IShardingInvocation.kt -> jksoa-common/src/main/kotlin/net/jkcode/jksoa/common/invocation/IShardingInvocation.kt
	renamed:    jksoa-common/src/main/kotlin/com/jksoa/common/loader/IServiceClass.kt -> jksoa-common/src/main/kotlin/net/jkcode/jksoa/common/loader/IServiceClass.kt
	renamed:    jksoa-common/src/main/kotlin/com/jksoa/common/loader/ServiceClassLoader.kt -> jksoa-common/src/main/kotlin/net/jkcode/jksoa/common/loader/ServiceClassLoader.kt
	renamed:    jksoa-common/src/main/kotlin/com/jksoa/common/zk/ZkClientFactory.kt -> jksoa-common/src/main/kotlin/net/jkcode/jksoa/common/zk/ZkClientFactory.kt
	renamed:    jksoa-common/src/main/kotlin/com/jksoa/example/IExampleService.kt -> jksoa-common/src/main/kotlin/net/jkcode/jksoa/example/IExampleService.kt
	renamed:    jksoa-common/src/main/kotlin/com/jksoa/example/ISystemService.kt -> jksoa-common/src/main/kotlin/net/jkcode/jksoa/example/ISystemService.kt
	renamed:    jksoa-common/src/main/kotlin/com/jksoa/leader/ILeaderElection.kt -> jksoa-common/src/main/kotlin/net/jkcode/jksoa/leader/ILeaderElection.kt
	renamed:    jksoa-common/src/main/kotlin/com/jksoa/leader/ZkEphemeralLeaderElection.kt -> jksoa-common/src/main/kotlin/net/jkcode/jksoa/leader/ZkEphemeralLeaderElection.kt
	renamed:    jksoa-common/src/main/kotlin/com/jksoa/leader/ZkLeaderElection.kt -> jksoa-common/src/main/kotlin/net/jkcode/jksoa/leader/ZkLeaderElection.kt
	renamed:    jksoa-common/src/main/kotlin/com/jksoa/lock/IDLock.kt -> jksoa-common/src/main/kotlin/net/jkcode/jksoa/lock/IDLock.kt
	renamed:    jksoa-common/src/main/kotlin/com/jksoa/lock/RedisDLock.kt -> jksoa-common/src/main/kotlin/net/jkcode/jksoa/lock/RedisDLock.kt
	renamed:    jksoa-common/src/main/kotlin/com/jksoa/lock/ZkDLock.kt -> jksoa-common/src/main/kotlin/net/jkcode/jksoa/lock/ZkDLock.kt
	renamed:    jksoa-common/src/test/kotlin/com/jksoa/tests/MyTests.kt -> jksoa-common/src/test/kotlin/net/jkcode/jksoa/tests/MyTests.kt
	renamed:    jksoa-job/src/main/kotlin/com/jksoa/job/IJob.kt -> jksoa-job/src/main/kotlin/net/jkcode/jksoa/job/IJob.kt
	renamed:    jksoa-job/src/main/kotlin/com/jksoa/job/IJobExecutionContext.kt -> jksoa-job/src/main/kotlin/net/jkcode/jksoa/job/IJobExecutionContext.kt
	renamed:    jksoa-job/src/main/kotlin/com/jksoa/job/IJobParser.kt -> jksoa-job/src/main/kotlin/net/jkcode/jksoa/job/IJobParser.kt
	renamed:    jksoa-job/src/main/kotlin/com/jksoa/job/ITrigger.kt -> jksoa-job/src/main/kotlin/net/jkcode/jksoa/job/ITrigger.kt
	renamed:    jksoa-job/src/main/kotlin/com/jksoa/job/JobException.kt -> jksoa-job/src/main/kotlin/net/jkcode/jksoa/job/JobException.kt
	renamed:    jksoa-job/src/main/kotlin/com/jksoa/job/JobExprParser.kt -> jksoa-job/src/main/kotlin/net/jkcode/jksoa/job/JobExprParser.kt
	renamed:    jksoa-job/src/main/kotlin/com/jksoa/job/_Logger.kt -> jksoa-job/src/main/kotlin/net/jkcode/jksoa/job/_Logger.kt
	renamed:    jksoa-job/src/main/kotlin/com/jksoa/job/cronjob/ClusterCronJobLauncher.kt -> jksoa-job/src/main/kotlin/net/jkcode/jksoa/job/cronjob/ClusterCronJobLauncher.kt
	renamed:    jksoa-job/src/main/kotlin/com/jksoa/job/cronjob/CronJobLaucher.kt -> jksoa-job/src/main/kotlin/net/jkcode/jksoa/job/cronjob/CronJobLaucher.kt
	renamed:    jksoa-job/src/main/kotlin/com/jksoa/job/job/BaseJob.kt -> jksoa-job/src/main/kotlin/net/jkcode/jksoa/job/job/BaseJob.kt
	renamed:    jksoa-job/src/main/kotlin/com/jksoa/job/job/LambdaJob.kt -> jksoa-job/src/main/kotlin/net/jkcode/jksoa/job/job/LambdaJob.kt
	renamed:    jksoa-job/src/main/kotlin/com/jksoa/job/job/local/BaseLpcJob.kt -> jksoa-job/src/main/kotlin/net/jkcode/jksoa/job/job/local/BaseLpcJob.kt
	renamed:    jksoa-job/src/main/kotlin/com/jksoa/job/job/local/LpcJob.kt -> jksoa-job/src/main/kotlin/net/jkcode/jksoa/job/job/local/LpcJob.kt
	renamed:    jksoa-job/src/main/kotlin/com/jksoa/job/job/local/ShardingLpcJob.kt -> jksoa-job/src/main/kotlin/net/jkcode/jksoa/job/job/local/ShardingLpcJob.kt
	renamed:    jksoa-job/src/main/kotlin/com/jksoa/job/job/remote/RpcJob.kt -> jksoa-job/src/main/kotlin/net/jkcode/jksoa/job/job/remote/RpcJob.kt
	renamed:    jksoa-job/src/main/kotlin/com/jksoa/job/job/remote/ShardingRpcJob.kt -> jksoa-job/src/main/kotlin/net/jkcode/jksoa/job/job/remote/ShardingRpcJob.kt
	renamed:    jksoa-job/src/main/kotlin/com/jksoa/job/trigger/BaseTrigger.kt -> jksoa-job/src/main/kotlin/net/jkcode/jksoa/job/trigger/BaseTrigger.kt
	renamed:    jksoa-job/src/main/kotlin/com/jksoa/job/trigger/CronTrigger.kt -> jksoa-job/src/main/kotlin/net/jkcode/jksoa/job/trigger/CronTrigger.kt
	renamed:    jksoa-job/src/main/kotlin/com/jksoa/job/trigger/JobExecutionContext.kt -> jksoa-job/src/main/kotlin/net/jkcode/jksoa/job/trigger/JobExecutionContext.kt
	renamed:    jksoa-job/src/main/kotlin/com/jksoa/job/trigger/PeriodicTrigger.kt -> jksoa-job/src/main/kotlin/net/jkcode/jksoa/job/trigger/PeriodicTrigger.kt
	renamed:    jksoa-job/src/test/kotlin/com/jksoa/job/BaseTests.kt -> jksoa-job/src/test/kotlin/net/jkcode/jksoa/job/BaseTests.kt
	renamed:    jksoa-job/src/test/kotlin/com/jksoa/job/CronJobLauncherTests.kt -> jksoa-job/src/test/kotlin/net/jkcode/jksoa/job/CronJobLauncherTests.kt
	renamed:    jksoa-job/src/test/kotlin/com/jksoa/job/JobExprTests.kt -> jksoa-job/src/test/kotlin/net/jkcode/jksoa/job/JobExprTests.kt
	renamed:    jksoa-job/src/test/kotlin/com/jksoa/job/JobTests.kt -> jksoa-job/src/test/kotlin/net/jkcode/jksoa/job/JobTests.kt
	renamed:    jksoa-job/src/test/kotlin/com/jksoa/job/LocalBean.kt -> jksoa-job/src/test/kotlin/net/jkcode/jksoa/job/LocalBean.kt
	renamed:    jksoa-job/src/test/kotlin/com/jksoa/job/TriggerTests.kt -> jksoa-job/src/test/kotlin/net/jkcode/jksoa/job/TriggerTests.kt
	renamed:    jksoa-mq/src/main/kotlin/com/jksoa/mq/broker/IMqBroker.kt -> jksoa-mq/src/main/kotlin/net/jkcode/jksoa/mq/broker/IMqBroker.kt
	renamed:    jksoa-mq/src/main/kotlin/com/jksoa/mq/broker/MqBroker.kt -> jksoa-mq/src/main/kotlin/net/jkcode/jksoa/mq/broker/MqBroker.kt
	renamed:    jksoa-mq/src/main/kotlin/com/jksoa/mq/broker/pusher/IMqPusher.kt -> jksoa-mq/src/main/kotlin/net/jkcode/jksoa/mq/broker/pusher/IMqPusher.kt
	renamed:    jksoa-mq/src/main/kotlin/com/jksoa/mq/broker/pusher/MqPusher.kt -> jksoa-mq/src/main/kotlin/net/jkcode/jksoa/mq/broker/pusher/MqPusher.kt
	renamed:    jksoa-mq/src/main/kotlin/com/jksoa/mq/broker/server/MqNettyRequestHandler.kt -> jksoa-mq/src/main/kotlin/net/jkcode/jksoa/mq/broker/server/MqNettyRequestHandler.kt
	renamed:    jksoa-mq/src/main/kotlin/com/jksoa/mq/broker/server/MqNettyServer.kt -> jksoa-mq/src/main/kotlin/net/jkcode/jksoa/mq/broker/server/MqNettyServer.kt
	renamed:    jksoa-mq/src/main/kotlin/com/jksoa/mq/broker/server/connection/ConsumerConnectionHub.kt -> jksoa-mq/src/main/kotlin/net/jkcode/jksoa/mq/broker/server/connection/ConsumerConnectionHub.kt
	renamed:    jksoa-mq/src/main/kotlin/com/jksoa/mq/broker/server/connection/IConsumerConnectionHub.kt -> jksoa-mq/src/main/kotlin/net/jkcode/jksoa/mq/broker/server/connection/IConsumerConnectionHub.kt
	renamed:    jksoa-mq/src/main/kotlin/com/jksoa/mq/broker/server/handler/AddMessageRequestHandler.kt -> jksoa-mq/src/main/kotlin/net/jkcode/jksoa/mq/broker/server/handler/AddMessageRequestHandler.kt
	renamed:    jksoa-mq/src/main/kotlin/com/jksoa/mq/broker/server/handler/SubscribeTopicRequestHandler.kt -> jksoa-mq/src/main/kotlin/net/jkcode/jksoa/mq/broker/server/handler/SubscribeTopicRequestHandler.kt
	renamed:    jksoa-mq/src/main/kotlin/com/jksoa/mq/common/Message.kt -> jksoa-mq/src/main/kotlin/net/jkcode/jksoa/mq/common/Message.kt
	renamed:    jksoa-mq/src/main/kotlin/com/jksoa/mq/common/MessageStatus.kt -> jksoa-mq/src/main/kotlin/net/jkcode/jksoa/mq/common/MessageStatus.kt
	renamed:    jksoa-mq/src/main/kotlin/com/jksoa/mq/common/MqException.kt -> jksoa-mq/src/main/kotlin/net/jkcode/jksoa/mq/common/MqException.kt
	renamed:    jksoa-mq/src/main/kotlin/com/jksoa/mq/common/QueueFlusher.kt -> jksoa-mq/src/main/kotlin/net/jkcode/jksoa/mq/common/QueueFlusher.kt
	renamed:    jksoa-mq/src/main/kotlin/com/jksoa/mq/consumer/IMqConsumer.kt -> jksoa-mq/src/main/kotlin/net/jkcode/jksoa/mq/consumer/IMqConsumer.kt
	renamed:    jksoa-mq/src/main/kotlin/com/jksoa/mq/consumer/IMqHandler.kt -> jksoa-mq/src/main/kotlin/net/jkcode/jksoa/mq/consumer/IMqHandler.kt
	renamed:    jksoa-mq/src/main/kotlin/com/jksoa/mq/consumer/LambdaMqHandler.kt -> jksoa-mq/src/main/kotlin/net/jkcode/jksoa/mq/consumer/LambdaMqHandler.kt
	renamed:    jksoa-mq/src/main/kotlin/com/jksoa/mq/consumer/MqConsumer.kt -> jksoa-mq/src/main/kotlin/net/jkcode/jksoa/mq/consumer/MqConsumer.kt
	renamed:    jksoa-mq/src/main/kotlin/com/jksoa/mq/consumer/client/MqNettyClient.kt -> jksoa-mq/src/main/kotlin/net/jkcode/jksoa/mq/consumer/client/MqNettyClient.kt
	renamed:    jksoa-mq/src/main/kotlin/com/jksoa/mq/consumer/puller/IMqPullerTimer.kt -> jksoa-mq/src/main/kotlin/net/jkcode/jksoa/mq/consumer/puller/IMqPullerTimer.kt
	renamed:    jksoa-mq/src/main/kotlin/com/jksoa/mq/consumer/puller/MqPullerTimer.kt -> jksoa-mq/src/main/kotlin/net/jkcode/jksoa/mq/consumer/puller/MqPullerTimer.kt
	renamed:    jksoa-mq/src/main/kotlin/com/jksoa/mq/consumer/subscriber/IMqSubscriber.kt -> jksoa-mq/src/main/kotlin/net/jkcode/jksoa/mq/consumer/subscriber/IMqSubscriber.kt
	renamed:    jksoa-mq/src/main/kotlin/com/jksoa/mq/consumer/subscriber/MqSubscriber.kt -> jksoa-mq/src/main/kotlin/net/jkcode/jksoa/mq/consumer/subscriber/MqSubscriber.kt
	renamed:    jksoa-mq/src/main/kotlin/com/jksoa/mq/producer/IMqProducer.kt -> jksoa-mq/src/main/kotlin/net/jkcode/jksoa/mq/producer/IMqProducer.kt
	renamed:    jksoa-mq/src/main/kotlin/com/jksoa/mq/producer/MqProducer.kt -> jksoa-mq/src/main/kotlin/net/jkcode/jksoa/mq/producer/MqProducer.kt
	renamed:    jksoa-mq/src/test/kotlin/com/jksoa/mq/tests/MqTests.kt -> jksoa-mq/src/test/kotlin/net/jkcode/jksoa/mq/tests/MqTests.kt
	renamed:    jksoa-registry/src/main/kotlin/com/jksoa/registry/IDiscovery.kt -> jksoa-registry/src/main/kotlin/net/jkcode/jksoa/registry/IDiscovery.kt
	renamed:    jksoa-registry/src/main/kotlin/com/jksoa/registry/IDiscoveryListener.kt -> jksoa-registry/src/main/kotlin/net/jkcode/jksoa/registry/IDiscoveryListener.kt
	renamed:    jksoa-registry/src/main/kotlin/com/jksoa/registry/IRegistry.kt -> jksoa-registry/src/main/kotlin/net/jkcode/jksoa/registry/IRegistry.kt
	renamed:    jksoa-registry/src/main/kotlin/com/jksoa/registry/RegistryException.kt -> jksoa-registry/src/main/kotlin/net/jkcode/jksoa/registry/RegistryException.kt
	renamed:    jksoa-registry/src/main/kotlin/com/jksoa/registry/zk/ZkDiscovery.kt -> jksoa-registry/src/main/kotlin/net/jkcode/jksoa/registry/zk/ZkDiscovery.kt
	renamed:    jksoa-registry/src/main/kotlin/com/jksoa/registry/zk/ZkRegistry.kt -> jksoa-registry/src/main/kotlin/net/jkcode/jksoa/registry/zk/ZkRegistry.kt
	renamed:    jksoa-registry/src/main/kotlin/com/jksoa/registry/zk/_Zk.kt -> jksoa-registry/src/main/kotlin/net/jkcode/jksoa/registry/zk/_Zk.kt
	renamed:    jksoa-registry/src/main/kotlin/com/jksoa/registry/zk/listener/ZkChildListener.kt -> jksoa-registry/src/main/kotlin/net/jkcode/jksoa/registry/zk/listener/ZkChildListener.kt
	renamed:    jksoa-registry/src/main/kotlin/com/jksoa/registry/zk/listener/ZkDataListener.kt -> jksoa-registry/src/main/kotlin/net/jkcode/jksoa/registry/zk/listener/ZkDataListener.kt
	renamed:    jksoa-registry/src/test/kotlin/com/jksoa/tests/RegisterTests.kt -> jksoa-registry/src/test/kotlin/net/jkcode/jksoa/tests/RegisterTests.kt
	renamed:    jksoa-registry/src/test/kotlin/com/jksoa/tests/ZkTests.kt -> jksoa-registry/src/test/kotlin/net/jkcode/jksoa/tests/ZkTests.kt
	renamed:    jksoa-server/src/main/kotlin/com/jksoa/example/ExampleService.kt -> jksoa-server/src/main/kotlin/net/jkcode/jksoa/example/ExampleService.kt
	renamed:    jksoa-server/src/main/kotlin/com/jksoa/example/SystemService.kt -> jksoa-server/src/main/kotlin/net/jkcode/jksoa/example/SystemService.kt
	renamed:    jksoa-server/src/main/kotlin/com/jksoa/server/IProvider.kt -> jksoa-server/src/main/kotlin/net/jkcode/jksoa/server/IProvider.kt
	renamed:    jksoa-server/src/main/kotlin/com/jksoa/server/IRpcServer.kt -> jksoa-server/src/main/kotlin/net/jkcode/jksoa/server/IRpcServer.kt
	renamed:    jksoa-server/src/main/kotlin/com/jksoa/server/RpcServerLauncher.kt -> jksoa-server/src/main/kotlin/net/jkcode/jksoa/server/RpcServerLauncher.kt
	renamed:    jksoa-server/src/main/kotlin/com/jksoa/server/handler/IRpcRequestHandler.kt -> jksoa-server/src/main/kotlin/net/jkcode/jksoa/server/handler/IRpcRequestHandler.kt
	renamed:    jksoa-server/src/main/kotlin/com/jksoa/server/handler/RpcRequestHandler.kt -> jksoa-server/src/main/kotlin/net/jkcode/jksoa/server/handler/RpcRequestHandler.kt
	renamed:    jksoa-server/src/main/kotlin/com/jksoa/server/protocol/netty/NettyRequestHandler.kt -> jksoa-server/src/main/kotlin/net/jkcode/jksoa/server/protocol/netty/NettyRequestHandler.kt
	renamed:    jksoa-server/src/main/kotlin/com/jksoa/server/protocol/netty/NettyServer.kt -> jksoa-server/src/main/kotlin/net/jkcode/jksoa/server/protocol/netty/NettyServer.kt
	renamed:    jksoa-server/src/main/kotlin/com/jksoa/server/protocol/rmi/RmiServer.kt -> jksoa-server/src/main/kotlin/net/jkcode/jksoa/server/protocol/rmi/RmiServer.kt
	renamed:    jksoa-server/src/main/kotlin/com/jksoa/server/provider/Provider.kt -> jksoa-server/src/main/kotlin/net/jkcode/jksoa/server/provider/Provider.kt
	renamed:    jksoa-server/src/main/kotlin/com/jksoa/server/provider/ProviderLoader.kt -> jksoa-server/src/main/kotlin/net/jkcode/jksoa/server/provider/ProviderLoader.kt
	renamed:    jksoa-server/src/test/kotlin/com/jksoa/tests/ServerTests.kt -> jksoa-server/src/test/kotlin/net/jkcode/jksoa/tests/ServerTests.kt

Untracked files:
  (use "git add <file>..." to include in what will be committed)

	test.log

